<html>
<body>
<pre>
<h1>礦ision Build Log</h1>
<h2>Tool Versions:</h2>
IDE-Version: μVision V5.20.0.39
Copyright (C) 2016 ARM Ltd and ARM Germany GmbH. All rights reserved.
License Information: ourkx admin, deeple, LIC=SDARA-1YX01-H8AFS-L69RA-R37TY-NMMVG
 
Tool Versions:
Toolchain:       MDK-ARM Plus  Version: 5.14.0.0
Toolchain Path:  D:\Program Files (x86)\Keil5\ARM\ARMCC\Bin
C Compiler:      Armcc.exe V5.05 update 1 (build 106)
Assembler:       Armasm.exe V5.05 update 1 (build 106)
Linker/Locator:  ArmLink.exe V5.05 update 1 (build 106)
Library Manager: ArmAr.exe V5.05 update 1 (build 106)
Hex Converter:   FromElf.exe V5.05 update 1 (build 106)
CPU DLL:         SARMCM3.DLL V5.14.0.0
Dialog DLL:      DARMSTM.DLL V1.65.0.0
Target DLL:      STLink\ST-LINKIII-KEIL_SWO.dll V2.0.6.0_KEIL
Dialog DLL:      TARMSTM.DLL V1.64.0.0
 
<h2>Project:</h2>
H:\个人资料\stm32单片机_资料\stm32\stm32f103_pwn\stm.uvproj
Project File Date:  11/03/2020

<h2>Output:</h2>
*** Using Compiler 'V5.05 update 1 (build 106)', folder: 'D:\Program Files (x86)\Keil5\ARM\ARMCC\Bin'
Rebuild target 'Target 1'
assembling startup_stm32f10x_md.s...
compiling system_stm32f10x.c...
compiling main.c...
main.c(173): warning:  #177-D: variable "acc" was declared but never referenced
  	static int acc = 0;
main.c(208): warning:  #177-D: variable "acc" was declared but never referenced
  	static int acc = 0;
main.c: 2 warnings, 0 errors
compiling stm32f10x_it.c...
compiling stm32f10x_usart.c...
compiling stm32f10x_gpio.c...
compiling stm32f10x_rcc.c...
compiling stm32f10x_exti.c...
compiling misc.c...
compiling system_stm32f10x.c...
compiling stm32f10x_i2c.c...
compiling stm32f10x_flash.c...
compiling stm32f10x_dma.c...
compiling stm32f10x_spi.c...
compiling stm32f10x_tim.c...
linking...
.\Objects\stm.axf: Warning: L6304W: Duplicate input file .\objects\system_stm32f10x_1.o ignored.
Program Size: Code=7004 RO-data=316 RW-data=56 ZI-data=7632  
Finished: 0 information, 1 warning and 0 error messages.
FromELF: creating hex file...
".\Objects\stm.axf" - 0 Error(s), 3 Warning(s).
Build Time Elapsed:  00:00:07
</pre>
</body>
</html>
